******************************************************************************
                  MSP430 Linker PC v4.4.7                      
******************************************************************************
>> Linked Fri Aug 05 14:27:16 2016

OUTPUT FILE NAME:   <IC_Amostragem_tensao_corrente_solar_v2.out>
ENTRY POINT SYMBOL: "_c_int00_noargs_noexit"  address: 0000fb48


MEMORY CONFIGURATION

         name            origin    length      used     unused   attr    fill
----------------------  --------  ---------  --------  --------  ----  --------
  SFR                   00000000   00000010  00000000  00000010  RWIX
  PERIPHERALS_8BIT      00000010   000000f0  00000000  000000f0  RWIX
  PERIPHERALS_16BIT     00000100   00000100  00000000  00000100  RWIX
  RAM                   00000200   00000200  0000014c  000000b4  RWIX
  INFOD                 00001000   00000040  00000000  00000040  RWIX
  INFOC                 00001040   00000040  00000000  00000040  RWIX
  INFOB                 00001080   00000040  00000000  00000040  RWIX
  INFOA                 000010c0   00000040  00000000  00000040  RWIX
  FLASH                 0000c000   00003fde  00003e8c  00000152  RWIX
  BSLSIGNATURE          0000ffde   00000002  00000002  00000000  RWIX  ffff 
  INT00                 0000ffe0   00000002  00000002  00000000  RWIX
  INT01                 0000ffe2   00000002  00000000  00000002  RWIX
  INT02                 0000ffe4   00000002  00000002  00000000  RWIX
  INT03                 0000ffe6   00000002  00000002  00000000  RWIX
  INT04                 0000ffe8   00000002  00000000  00000002  RWIX
  INT05                 0000ffea   00000002  00000002  00000000  RWIX
  INT06                 0000ffec   00000002  00000002  00000000  RWIX
  INT07                 0000ffee   00000002  00000002  00000000  RWIX
  INT08                 0000fff0   00000002  00000002  00000000  RWIX
  INT09                 0000fff2   00000002  00000002  00000000  RWIX
  INT10                 0000fff4   00000002  00000002  00000000  RWIX
  INT11                 0000fff6   00000002  00000002  00000000  RWIX
  INT12                 0000fff8   00000002  00000002  00000000  RWIX
  INT13                 0000fffa   00000002  00000002  00000000  RWIX
  INT14                 0000fffc   00000002  00000002  00000000  RWIX
  RESET                 0000fffe   00000002  00000002  00000000  RWIX


SECTION ALLOCATION MAP

 output                                  attributes/
section   page    origin      length       input sections
--------  ----  ----------  ----------   ----------------
.data      0    00000200    000000e4     UNINITIALIZED
                  00000200    00000080     rts430_eabi.lib : xvalues.obj (.data)
                  00000280    00000058                     : signal.obj (.data:sigtable)
                  000002d8    00000006                     : feraiseexcept.obj (.data)
                  000002de    00000002                     : _lock.obj (.data:_lock)
                  000002e0    00000002                     : _lock.obj (.data:_unlock)
                  000002e2    00000002                     : errno.obj (.data)

.bss       0    000002e4    00000018     UNINITIALIZED
                  000002e4    00000014     (.common:TX_string)
                  000002f8    00000002     (.common:VALADC)
                  000002fa    00000001     (.common:CHindex)
                  000002fb    00000001     (.common:tx_index)

.TI.persistent 
*          0    00000200    00000000     UNINITIALIZED

.stack     0    000003b0    00000050     UNINITIALIZED
                  000003b0    00000002     rts430_eabi.lib : boot.obj (.stack)
                  000003b2    0000004e     --HOLE--

.text      0    0000c000    00003d0c     
                  0000c000    00000462     rts430_eabi.lib : frcdivd.obj (.text:__TI_frcdivd)
                  0000c462    000003ac                     : div64u.obj (.text:__mspabi_divull)
                  0000c80e    000002f4                     : frcmpyd.obj (.text:__TI_frcmpyd)
                  0000cb02    000002e8                     : addd.obj (.text:__mspabi_addd)
                  0000cdea    0000026e                     : mpyd.obj (.text:__mspabi_mpyd)
                  0000d058    00000260                     : frcaddd.obj (.text:__TI_frcaddd)
                  0000d2b8    00000250                     : _printfi.obj (.text:_setfield)
                  0000d508    00000238                     : divd.obj (.text:__mspabi_divd)
                  0000d740    0000021c                     : _printfi.obj (.text:_pproc_fgea)
                  0000d95c    0000021a                     : _printfi.obj (.text:acvt)
                  0000db76    0000020c                     : _printfi.obj (.text:ecvt)
                  0000dd82    000001e6                     : _printfi.obj (.text:fcvt)
                  0000df68    000001de                     : _printfi.obj (.text:__TI_printfi)
                  0000e146    000001b4                     : xdscale.obj (.text:_Dscale)
                  0000e2fa    000001a6                     : _printfi.obj (.text:_pconv_e)
                  0000e4a0    00000174                     : _printfi.obj (.text:_pconv_a)
                  0000e614    00000168                     : _printfi.obj (.text:_getarg_diouxp)
                  0000e77c    0000014c                     : _printfi.obj (.text:_pproc_diouxp)
                  0000e8c8    00000110                     : xdnorm.obj (.text:_Dnorm)
                  0000e9d8    000000f8                     : _printfi.obj (.text:_pconv_g)
                  0000ead0    000000f8                     : _printfi.obj (.text:_pproc_fwp)
                  0000ebc8    000000dc                     : cmpd.obj (.text:__mspabi_cmpd)
                  0000eca4    000000be                     : renormd.obj (.text:__TI_renormd)
                  0000ed62    000000ae                     : _printfi.obj (.text:_pproc_str)
                  0000ee10    000000a2                     : fltlid.obj (.text:__mspabi_fltlid)
                  0000eeb2    000000a2                     : _printfi.obj (.text:_ltostr)
                  0000ef54    00000092                     : _printfi.obj (.text:_ecpy)
                  0000efe6    00000092                     : _printfi.obj (.text:_mcpy)
                  0000f078    00000090                     : _printfi.obj (.text:_div)
                  0000f108    00000084                     : ltoa.obj (.text:ltoa)
                  0000f18c    00000082                     : ldexp.obj (.text:ldexp)
                  0000f20e    0000007c                     : xdunscal.obj (.text:_Dunscale)
                  0000f28a    0000007a                     : _printfi.obj (.text:_pconv_f)
                  0000f304    00000072                     : fixdli.obj (.text:__mspabi_fixdli)
                  0000f376    00000064                     : copy_decompress_rle.obj (.text:__TI_decompress_rle_core)
                  0000f3da    0000005c                     : lsr32.obj (.text:l_lsr_const)
                  0000f436    00000058                     : autoinit.obj (.text:_auto_init)
                  0000f48e    00000058                     : div32u.obj (.text)
                  0000f4e6    00000052                     : atoi.obj (.text:atoi)
                  0000f538    00000050                     : xdclass.obj (.text:_Dclass)
                  0000f588    0000004e                     : _printfi.obj (.text:_fcpy)
                  0000f5d6    0000004c                     : lsr16.obj (.text)
                  0000f622    00000044                     : lsr64.obj (.text:__mspabi_srlll)
                  0000f666    00000044                     : _printfi.obj (.text:_pproc_fflags)
                  0000f6aa    00000042                     : lsl64.obj (.text:__mspabi_sllll)
                  0000f6ec    00000040                     : frexp.obj (.text:frexp)
                  0000f72c    00000040                     : div32s.obj (.text)
                  0000f76c    0000003e                     : asr32.obj (.text:l_asr_const)
                  0000f7aa    0000003e                     : lsl32.obj (.text:l_lsl_const)
                  0000f7e8    0000003a     main.obj (.text:ADC10_RTI)
                  0000f822    0000003a     rts430_eabi.lib : _printfi.obj (.text:incr_hex)
                  0000f85c    00000038                     : signal.obj (.text:signal)
                  0000f894    00000038                     : sprintf.obj (.text:sprintf)
                  0000f8cc    00000032                     : xferaise.obj (.text:_Feraise)
                  0000f8fe    00000032                     : raise.obj (.text:raise)
                  0000f930    0000002e                     : subd.obj (.text:__mspabi_subd)
                  0000f95e    0000002e                     : feraiseexcept.obj (.text:feraiseexcept)
                  0000f98c    0000002c     main.obj (.text:main)
                  0000f9b8    0000002c     rts430_eabi.lib : asr16.obj (.text)
                  0000f9e4    0000002c                     : lsl16.obj (.text)
                  0000fa10    0000002a     main.obj (.text:RTI_TXD)
                  0000fa3a    0000002a     rts430_eabi.lib : negd.obj (.text:__mspabi_negd)
                  0000fa64    0000002a     main.obj (.text:cria_msg)
                  0000fa8e    00000028     rts430_eabi.lib : fixdi.obj (.text:__mspabi_fixdi)
                  0000fab6    00000028     main.obj (.text:config_UART)
                  0000fade    00000026     main.obj (.text:config_ini)
                  0000fb04    00000026     rts430_eabi.lib : mult32.obj (.text)
                  0000fb2a    0000001e                     : _printfi.obj (.text:val_hex)
                  0000fb48    0000001a                     : boot_special.obj (.text:_c_int00_noargs_noexit)
                  0000fb62    0000001a                     : sprintf.obj (.text:_outs)
                  0000fb7c    0000001a     main.obj (.text:ini_P1_P2)
                  0000fb96    0000001a     main.obj (.text:ini_TA0)
                  0000fbb0    0000001a     rts430_eabi.lib : memccpy.obj (.text:memccpy)
                  0000fbca    0000001a                     : strchr.obj (.text:strchr)
                  0000fbe4    00000018     main.obj (.text:ini_ADC10)
                  0000fbfc    00000016     rts430_eabi.lib : div16u.obj (.text)
                  0000fc12    00000014                     : copy_zero_init.obj (.text:decompress:ZI:__TI_zero_init)
                  0000fc26    00000014                     : memset.obj (.text:memset)
                  0000fc3a    00000014                     : mult16.obj (.text)
                  0000fc4e    00000012                     : sprintf.obj (.text:_outc)
                  0000fc60    00000012                     : copy_decompress_none.obj (.text:decompress:none:__TI_decompress_none)
                  0000fc72    00000012                     : lsr32.obj (.text:l_lsr)
                  0000fc84    00000012                     : memcpy.obj (.text:memcpy)
                  0000fc96    00000010                     : asr32.obj (.text:l_asr)
                  0000fca6    00000010                     : lsl32.obj (.text:l_lsl)
                  0000fcb6    00000010                     : epilog.obj (.text)
                  0000fcc6    0000000e                     : strlen.obj (.text:strlen)
                  0000fcd4    0000000c                     : fltid.obj (.text:__mspabi_fltid)
                  0000fce0    0000000c                     : toupper.obj (.text:toupper)
                  0000fcec    0000000a                     : abs.obj (.text:abs)
                  0000fcf6    00000006                     : isr_trap.obj (.text:_isr:__TI_ISR_TRAP)
                  0000fcfc    00000006                     : copy_decompress_rle.obj (.text:decompress:rle24:__TI_decompress_rle24)
                  0000fd02    00000004                     : pre_init.obj (.text:_system_pre_init)
                  0000fd06    00000004                     : exit.obj (.text:abort)
                  0000fd0a    00000002                     : _lock.obj (.text:_nop)

.const     0    0000fd0c    00000132     
                  0000fd0c    00000101     rts430_eabi.lib : ctype.obj (.const:.string:_ctypes_)
                  0000fe0d    00000001     --HOLE-- [fill = 0]
                  0000fe0e    00000026                     : _printfi.obj (.const:.string)
                  0000fe34    0000000a     main.obj (.const:.string)

.cinit     0    0000fe3e    0000004e     
                  0000fe3e    0000003b     (.cinit..data.load) [load image, compression = rle]
                  0000fe79    00000001     --HOLE-- [fill = 0]
                  0000fe7a    00000006     (__TI_handler_table)
                  0000fe80    00000004     (.cinit..bss.load) [load image, compression = zero_init]
                  0000fe84    00000008     (__TI_cinit_table)

.init_array 
*          0    0000c000    00000000     UNINITIALIZED

TRAPINT    0    0000ffe0    00000002     
                  0000ffe0    00000002     rts430_eabi.lib : int00.obj (.int00)

PORT1      0    0000ffe4    00000002     
                  0000ffe4    00000002     rts430_eabi.lib : int02.obj (.int02)

PORT2      0    0000ffe6    00000002     
                  0000ffe6    00000002     rts430_eabi.lib : int03.obj (.int03)

$fill000   0    0000ffde    00000002     
                  0000ffde    00000002     --HOLE-- [fill = ffff]

ADC10      0    0000ffea    00000002     
                  0000ffea    00000002     main.obj (.int05)

USCIAB0TX 
*          0    0000ffec    00000002     
                  0000ffec    00000002     main.obj (.int06)

USCIAB0RX 
*          0    0000ffee    00000002     
                  0000ffee    00000002     rts430_eabi.lib : int07.obj (.int07)

TIMER0_A1 
*          0    0000fff0    00000002     
                  0000fff0    00000002     rts430_eabi.lib : int08.obj (.int08)

TIMER0_A0 
*          0    0000fff2    00000002     
                  0000fff2    00000002     rts430_eabi.lib : int09.obj (.int09)

WDT        0    0000fff4    00000002     
                  0000fff4    00000002     rts430_eabi.lib : int10.obj (.int10)

COMPARATORA 
*          0    0000fff6    00000002     
                  0000fff6    00000002     rts430_eabi.lib : int11.obj (.int11)

TIMER1_A1 
*          0    0000fff8    00000002     
                  0000fff8    00000002     rts430_eabi.lib : int12.obj (.int12)

TIMER1_A0 
*          0    0000fffa    00000002     
                  0000fffa    00000002     rts430_eabi.lib : int13.obj (.int13)

NMI        0    0000fffc    00000002     
                  0000fffc    00000002     rts430_eabi.lib : int14.obj (.int14)

.reset     0    0000fffe    00000002     
                  0000fffe    00000002     rts430_eabi.lib : boot.obj (.reset)


LINKER GENERATED COPY TABLES

__TI_cinit_table @ 0000fe84 records: 2, size/record: 4, table size: 8
	.data: load addr=0000fe3e, load size=0000003b bytes, run addr=00000200, run size=000000e4 bytes, compression=rle
	.bss: load addr=0000fe80, load size=00000004 bytes, run addr=000002e4, run size=00000018 bytes, compression=zero_init


LINKER GENERATED HANDLER TABLE

__TI_handler_table @ 0000fe7a records: 3, size/record: 2, table size: 6
	index: 0, handler: __TI_zero_init
	index: 1, handler: __TI_decompress_rle24
	index: 2, handler: __TI_decompress_none


GLOBAL SYMBOLS: SORTED ALPHABETICALLY BY Name 

address   name                    
-------   ----                    
0000004a  ADC10AE0                
000001b0  ADC10CTL0               
000001b2  ADC10CTL1               
00000048  ADC10DTC0               
00000049  ADC10DTC1               
000001b4  ADC10MEM                
000001bc  ADC10SA                 
0000f7e8  ADC10_RTI               
00000057  BCSCTL1                 
00000058  BCSCTL2                 
00000053  BCSCTL3                 
0000fd06  C$$EXIT                 
00000059  CACTL1                  
0000005a  CACTL2                  
000010fb  CALBC1_12MHZ            
000010f9  CALBC1_16MHZ            
000010ff  CALBC1_1MHZ             
000010fd  CALBC1_8MHZ             
000010fa  CALDCO_12MHZ            
000010f8  CALDCO_16MHZ            
000010fe  CALDCO_1MHZ             
000010fc  CALDCO_8MHZ             
0000005b  CAPD                    
000002fa  CHindex                 
00000056  DCOCTL                  
00000128  FCTL1                   
0000012a  FCTL2                   
0000012c  FCTL3                   
00000000  IE1                     
00000001  IE2                     
00000002  IFG1                    
00000003  IFG2                    
00000022  P1DIR                   
00000025  P1IE                    
00000024  P1IES                   
00000023  P1IFG                   
00000020  P1IN                    
00000021  P1OUT                   
00000027  P1REN                   
00000026  P1SEL                   
00000041  P1SEL2                  
0000002a  P2DIR                   
0000002d  P2IE                    
0000002c  P2IES                   
0000002b  P2IFG                   
00000028  P2IN                    
00000029  P2OUT                   
0000002f  P2REN                   
0000002e  P2SEL                   
00000042  P2SEL2                  
0000001a  P3DIR                   
00000018  P3IN                    
00000019  P3OUT                   
00000010  P3REN                   
0000001b  P3SEL                   
00000043  P3SEL2                  
0000fa10  RTI_TXD                 
00000172  TA0CCR0                 
00000174  TA0CCR1                 
00000176  TA0CCR2                 
00000162  TA0CCTL0                
00000164  TA0CCTL1                
00000166  TA0CCTL2                
00000160  TA0CTL                  
0000012e  TA0IV                   
00000170  TA0R                    
00000192  TA1CCR0                 
00000194  TA1CCR1                 
00000196  TA1CCR2                 
00000182  TA1CCTL0                
00000184  TA1CCTL1                
00000186  TA1CCTL2                
00000180  TA1CTL                  
0000011e  TA1IV                   
00000190  TA1R                    
000010db  TLV_ADC10_1_LEN         
000010da  TLV_ADC10_1_TAG         
000010c0  TLV_CHECKSUM            
000010f7  TLV_DCO_30_LEN          
000010f6  TLV_DCO_30_TAG          
000002e4  TX_string               
0000005d  UCA0ABCTL               
00000062  UCA0BR0                 
00000063  UCA0BR1                 
00000060  UCA0CTL0                
00000061  UCA0CTL1                
0000005f  UCA0IRRCTL              
0000005e  UCA0IRTCTL              
00000064  UCA0MCTL                
00000066  UCA0RXBUF               
00000065  UCA0STAT                
00000067  UCA0TXBUF               
0000006a  UCB0BR0                 
0000006b  UCB0BR1                 
00000068  UCB0CTL0                
00000069  UCB0CTL1                
0000006c  UCB0I2CIE               
00000118  UCB0I2COA               
0000011a  UCB0I2CSA               
0000006e  UCB0RXBUF               
0000006d  UCB0STAT                
0000006f  UCB0TXBUF               
000002f8  VALADC                  
00000120  WDTCTL                  
0000f538  _Dclass                 
00000200  _Denorm                 
0000e8c8  _Dnorm                  
0000e146  _Dscale                 
0000f20e  _Dunscale               
00000210  _Eps                    
000002e2  _Errno                  
000002d8  _Fenv                   
0000f8cc  _Feraise                
00000220  _Hugeval                
00000230  _Inf                    
00000240  _Nan                    
00000260  _Rteps                  
00000250  _Snan                   
000002dc  _Tls_setup__Fenv        
00000270  _Xbig                   
00000278  _Zero                   
00000400  __STACK_END             
00000050  __STACK_SIZE            
0000fe84  __TI_CINIT_Base         
0000fe8c  __TI_CINIT_Limit        
0000fe7a  __TI_Handler_Table_Base 
0000fe80  __TI_Handler_Table_Limit
UNDEFED   __TI_INITARRAY_Base     
UNDEFED   __TI_INITARRAY_Limit    
0000fcf6  __TI_ISR_TRAP           
0000fc60  __TI_decompress_none    
0000fcfc  __TI_decompress_rle24   
0000d058  __TI_frcaddd            
0000c000  __TI_frcdivd            
0000c80e  __TI_frcmpyd            
0000ffe0  __TI_int00              
0000ffe4  __TI_int02              
0000ffe6  __TI_int03              
0000ffea  __TI_int05              
0000ffec  __TI_int06              
0000ffee  __TI_int07              
0000fff0  __TI_int08              
0000fff2  __TI_int09              
0000fff4  __TI_int10              
0000fff6  __TI_int11              
0000fff8  __TI_int12              
0000fffa  __TI_int13              
0000fffc  __TI_int14              
0000df68  __TI_printfi            
0000eca4  __TI_renormd            
0000fc12  __TI_zero_init          
ffffffff  __binit__               
ffffffff  __c_args__              
0000cb02  __mspabi_addd           
0000ebc8  __mspabi_cmpd           
0000d508  __mspabi_divd           
0000f72c  __mspabi_divli          
0000fbfc  __mspabi_divu           
0000f48e  __mspabi_divul          
0000c462  __mspabi_divull         
0000fa8e  __mspabi_fixdi          
0000f304  __mspabi_fixdli         
0000fcd4  __mspabi_fltid          
0000ee10  __mspabi_fltlid         
0000fcc2  __mspabi_func_epilog_1  
0000fcc0  __mspabi_func_epilog_2  
0000fcbe  __mspabi_func_epilog_3  
0000fcbc  __mspabi_func_epilog_4  
0000fcba  __mspabi_func_epilog_5  
0000fcb8  __mspabi_func_epilog_6  
0000fcb6  __mspabi_func_epilog_7  
0000cdea  __mspabi_mpyd           
0000fc3a  __mspabi_mpyi           
0000fc3a  __mspabi_mpyi_sw        
0000fb04  __mspabi_mpyl           
0000fb04  __mspabi_mpyl_sw        
0000fa3a  __mspabi_negd           
0000f72c  __mspabi_remli          
0000fbfc  __mspabi_remu           
0000f48e  __mspabi_remul          
0000f9e4  __mspabi_slli           
0000fa0c  __mspabi_slli_1         
0000f9fa  __mspabi_slli_10        
0000f9f8  __mspabi_slli_11        
0000f9f6  __mspabi_slli_12        
0000f9f4  __mspabi_slli_13        
0000f9f2  __mspabi_slli_14        
0000f9f0  __mspabi_slli_15        
0000fa0a  __mspabi_slli_2         
0000fa08  __mspabi_slli_3         
0000fa06  __mspabi_slli_4         
0000fa04  __mspabi_slli_5         
0000fa02  __mspabi_slli_6         
0000fa00  __mspabi_slli_7         
0000f9fe  __mspabi_slli_8         
0000f9fc  __mspabi_slli_9         
0000fca6  __mspabi_slll           
0000f7e2  __mspabi_slll_1         
0000f7be  __mspabi_slll_10        
0000f7ba  __mspabi_slll_11        
0000f7b6  __mspabi_slll_12        
0000f7b2  __mspabi_slll_13        
0000f7ae  __mspabi_slll_14        
0000f7aa  __mspabi_slll_15        
0000f7de  __mspabi_slll_2         
0000f7da  __mspabi_slll_3         
0000f7d6  __mspabi_slll_4         
0000f7d2  __mspabi_slll_5         
0000f7ce  __mspabi_slll_6         
0000f7ca  __mspabi_slll_7         
0000f7c6  __mspabi_slll_8         
0000f7c2  __mspabi_slll_9         
0000f6aa  __mspabi_sllll          
0000f9b8  __mspabi_srai           
0000f9e0  __mspabi_srai_1         
0000f9ce  __mspabi_srai_10        
0000f9cc  __mspabi_srai_11        
0000f9ca  __mspabi_srai_12        
0000f9c8  __mspabi_srai_13        
0000f9c6  __mspabi_srai_14        
0000f9c4  __mspabi_srai_15        
0000f9de  __mspabi_srai_2         
0000f9dc  __mspabi_srai_3         
0000f9da  __mspabi_srai_4         
0000f9d8  __mspabi_srai_5         
0000f9d6  __mspabi_srai_6         
0000f9d4  __mspabi_srai_7         
0000f9d2  __mspabi_srai_8         
0000f9d0  __mspabi_srai_9         
0000fc96  __mspabi_sral           
0000f7a4  __mspabi_sral_1         
0000f780  __mspabi_sral_10        
0000f77c  __mspabi_sral_11        
0000f778  __mspabi_sral_12        
0000f774  __mspabi_sral_13        
0000f770  __mspabi_sral_14        
0000f76c  __mspabi_sral_15        
0000f7a0  __mspabi_sral_2         
0000f79c  __mspabi_sral_3         
0000f798  __mspabi_sral_4         
0000f794  __mspabi_sral_5         
0000f790  __mspabi_sral_6         
0000f78c  __mspabi_sral_7         
0000f788  __mspabi_sral_8         
0000f784  __mspabi_sral_9         
0000f5d6  __mspabi_srli           
0000f61c  __mspabi_srli_1         
0000f5f8  __mspabi_srli_10        
0000f5f4  __mspabi_srli_11        
0000f5f0  __mspabi_srli_12        
0000f5ec  __mspabi_srli_13        
0000f5e8  __mspabi_srli_14        
0000f5e4  __mspabi_srli_15        
0000f618  __mspabi_srli_2         
0000f614  __mspabi_srli_3         
0000f610  __mspabi_srli_4         
0000f60c  __mspabi_srli_5         
0000f608  __mspabi_srli_6         
0000f604  __mspabi_srli_7         
0000f600  __mspabi_srli_8         
0000f5fc  __mspabi_srli_9         
0000fc72  __mspabi_srll           
0000f42e  __mspabi_srll_1         
0000f3f8  __mspabi_srll_10        
0000f3f2  __mspabi_srll_11        
0000f3ec  __mspabi_srll_12        
0000f3e6  __mspabi_srll_13        
0000f3e0  __mspabi_srll_14        
0000f3da  __mspabi_srll_15        
0000f428  __mspabi_srll_2         
0000f422  __mspabi_srll_3         
0000f41c  __mspabi_srll_4         
0000f416  __mspabi_srll_5         
0000f410  __mspabi_srll_6         
0000f40a  __mspabi_srll_7         
0000f404  __mspabi_srll_8         
0000f3fe  __mspabi_srll_9         
0000f622  __mspabi_srlll          
0000f930  __mspabi_subd           
0000f436  _auto_init              
0000fb48  _c_int00_noargs_noexit  
0000fd0c  _ctypes_                
000002de  _lock                   
0000fd0a  _nop                    
0000fffe  _reset_vector           
000003b0  _stack                  
0000fd02  _system_pre_init        
000002e0  _unlock                 
0000fd06  abort                   
0000fcec  abs                     
0000f4e6  atoi                    
ffffffff  binit                   
0000fab6  config_UART             
0000fade  config_ini              
0000fa64  cria_msg                
0000f95e  feraiseexcept           
0000f6ec  frexp                   
0000fbe4  ini_ADC10               
0000fb7c  ini_P1_P2               
0000fb96  ini_TA0                 
0000f18c  ldexp                   
0000f108  ltoa                    
0000f98c  main                    
0000fbb0  memccpy                 
0000fc84  memcpy                  
0000fc26  memset                  
0000f8fe  raise                   
0000f85c  signal                  
0000f894  sprintf                 
0000fbca  strchr                  
0000fcc6  strlen                  
0000fce0  toupper                 
000002fb  tx_index                


GLOBAL SYMBOLS: SORTED BY Symbol Address 

address   name                    
-------   ----                    
00000000  IE1                     
00000001  IE2                     
00000002  IFG1                    
00000003  IFG2                    
00000010  P3REN                   
00000018  P3IN                    
00000019  P3OUT                   
0000001a  P3DIR                   
0000001b  P3SEL                   
00000020  P1IN                    
00000021  P1OUT                   
00000022  P1DIR                   
00000023  P1IFG                   
00000024  P1IES                   
00000025  P1IE                    
00000026  P1SEL                   
00000027  P1REN                   
00000028  P2IN                    
00000029  P2OUT                   
0000002a  P2DIR                   
0000002b  P2IFG                   
0000002c  P2IES                   
0000002d  P2IE                    
0000002e  P2SEL                   
0000002f  P2REN                   
00000041  P1SEL2                  
00000042  P2SEL2                  
00000043  P3SEL2                  
00000048  ADC10DTC0               
00000049  ADC10DTC1               
0000004a  ADC10AE0                
00000050  __STACK_SIZE            
00000053  BCSCTL3                 
00000056  DCOCTL                  
00000057  BCSCTL1                 
00000058  BCSCTL2                 
00000059  CACTL1                  
0000005a  CACTL2                  
0000005b  CAPD                    
0000005d  UCA0ABCTL               
0000005e  UCA0IRTCTL              
0000005f  UCA0IRRCTL              
00000060  UCA0CTL0                
00000061  UCA0CTL1                
00000062  UCA0BR0                 
00000063  UCA0BR1                 
00000064  UCA0MCTL                
00000065  UCA0STAT                
00000066  UCA0RXBUF               
00000067  UCA0TXBUF               
00000068  UCB0CTL0                
00000069  UCB0CTL1                
0000006a  UCB0BR0                 
0000006b  UCB0BR1                 
0000006c  UCB0I2CIE               
0000006d  UCB0STAT                
0000006e  UCB0RXBUF               
0000006f  UCB0TXBUF               
00000118  UCB0I2COA               
0000011a  UCB0I2CSA               
0000011e  TA1IV                   
00000120  WDTCTL                  
00000128  FCTL1                   
0000012a  FCTL2                   
0000012c  FCTL3                   
0000012e  TA0IV                   
00000160  TA0CTL                  
00000162  TA0CCTL0                
00000164  TA0CCTL1                
00000166  TA0CCTL2                
00000170  TA0R                    
00000172  TA0CCR0                 
00000174  TA0CCR1                 
00000176  TA0CCR2                 
00000180  TA1CTL                  
00000182  TA1CCTL0                
00000184  TA1CCTL1                
00000186  TA1CCTL2                
00000190  TA1R                    
00000192  TA1CCR0                 
00000194  TA1CCR1                 
00000196  TA1CCR2                 
000001b0  ADC10CTL0               
000001b2  ADC10CTL1               
000001b4  ADC10MEM                
000001bc  ADC10SA                 
00000200  _Denorm                 
00000210  _Eps                    
00000220  _Hugeval                
00000230  _Inf                    
00000240  _Nan                    
00000250  _Snan                   
00000260  _Rteps                  
00000270  _Xbig                   
00000278  _Zero                   
000002d8  _Fenv                   
000002dc  _Tls_setup__Fenv        
000002de  _lock                   
000002e0  _unlock                 
000002e2  _Errno                  
000002e4  TX_string               
000002f8  VALADC                  
000002fa  CHindex                 
000002fb  tx_index                
000003b0  _stack                  
00000400  __STACK_END             
000010c0  TLV_CHECKSUM            
000010da  TLV_ADC10_1_TAG         
000010db  TLV_ADC10_1_LEN         
000010f6  TLV_DCO_30_TAG          
000010f7  TLV_DCO_30_LEN          
000010f8  CALDCO_16MHZ            
000010f9  CALBC1_16MHZ            
000010fa  CALDCO_12MHZ            
000010fb  CALBC1_12MHZ            
000010fc  CALDCO_8MHZ             
000010fd  CALBC1_8MHZ             
000010fe  CALDCO_1MHZ             
000010ff  CALBC1_1MHZ             
0000c000  __TI_frcdivd            
0000c462  __mspabi_divull         
0000c80e  __TI_frcmpyd            
0000cb02  __mspabi_addd           
0000cdea  __mspabi_mpyd           
0000d058  __TI_frcaddd            
0000d508  __mspabi_divd           
0000df68  __TI_printfi            
0000e146  _Dscale                 
0000e8c8  _Dnorm                  
0000ebc8  __mspabi_cmpd           
0000eca4  __TI_renormd            
0000ee10  __mspabi_fltlid         
0000f108  ltoa                    
0000f18c  ldexp                   
0000f20e  _Dunscale               
0000f304  __mspabi_fixdli         
0000f3da  __mspabi_srll_15        
0000f3e0  __mspabi_srll_14        
0000f3e6  __mspabi_srll_13        
0000f3ec  __mspabi_srll_12        
0000f3f2  __mspabi_srll_11        
0000f3f8  __mspabi_srll_10        
0000f3fe  __mspabi_srll_9         
0000f404  __mspabi_srll_8         
0000f40a  __mspabi_srll_7         
0000f410  __mspabi_srll_6         
0000f416  __mspabi_srll_5         
0000f41c  __mspabi_srll_4         
0000f422  __mspabi_srll_3         
0000f428  __mspabi_srll_2         
0000f42e  __mspabi_srll_1         
0000f436  _auto_init              
0000f48e  __mspabi_divul          
0000f48e  __mspabi_remul          
0000f4e6  atoi                    
0000f538  _Dclass                 
0000f5d6  __mspabi_srli           
0000f5e4  __mspabi_srli_15        
0000f5e8  __mspabi_srli_14        
0000f5ec  __mspabi_srli_13        
0000f5f0  __mspabi_srli_12        
0000f5f4  __mspabi_srli_11        
0000f5f8  __mspabi_srli_10        
0000f5fc  __mspabi_srli_9         
0000f600  __mspabi_srli_8         
0000f604  __mspabi_srli_7         
0000f608  __mspabi_srli_6         
0000f60c  __mspabi_srli_5         
0000f610  __mspabi_srli_4         
0000f614  __mspabi_srli_3         
0000f618  __mspabi_srli_2         
0000f61c  __mspabi_srli_1         
0000f622  __mspabi_srlll          
0000f6aa  __mspabi_sllll          
0000f6ec  frexp                   
0000f72c  __mspabi_divli          
0000f72c  __mspabi_remli          
0000f76c  __mspabi_sral_15        
0000f770  __mspabi_sral_14        
0000f774  __mspabi_sral_13        
0000f778  __mspabi_sral_12        
0000f77c  __mspabi_sral_11        
0000f780  __mspabi_sral_10        
0000f784  __mspabi_sral_9         
0000f788  __mspabi_sral_8         
0000f78c  __mspabi_sral_7         
0000f790  __mspabi_sral_6         
0000f794  __mspabi_sral_5         
0000f798  __mspabi_sral_4         
0000f79c  __mspabi_sral_3         
0000f7a0  __mspabi_sral_2         
0000f7a4  __mspabi_sral_1         
0000f7aa  __mspabi_slll_15        
0000f7ae  __mspabi_slll_14        
0000f7b2  __mspabi_slll_13        
0000f7b6  __mspabi_slll_12        
0000f7ba  __mspabi_slll_11        
0000f7be  __mspabi_slll_10        
0000f7c2  __mspabi_slll_9         
0000f7c6  __mspabi_slll_8         
0000f7ca  __mspabi_slll_7         
0000f7ce  __mspabi_slll_6         
0000f7d2  __mspabi_slll_5         
0000f7d6  __mspabi_slll_4         
0000f7da  __mspabi_slll_3         
0000f7de  __mspabi_slll_2         
0000f7e2  __mspabi_slll_1         
0000f7e8  ADC10_RTI               
0000f85c  signal                  
0000f894  sprintf                 
0000f8cc  _Feraise                
0000f8fe  raise                   
0000f930  __mspabi_subd           
0000f95e  feraiseexcept           
0000f98c  main                    
0000f9b8  __mspabi_srai           
0000f9c4  __mspabi_srai_15        
0000f9c6  __mspabi_srai_14        
0000f9c8  __mspabi_srai_13        
0000f9ca  __mspabi_srai_12        
0000f9cc  __mspabi_srai_11        
0000f9ce  __mspabi_srai_10        
0000f9d0  __mspabi_srai_9         
0000f9d2  __mspabi_srai_8         
0000f9d4  __mspabi_srai_7         
0000f9d6  __mspabi_srai_6         
0000f9d8  __mspabi_srai_5         
0000f9da  __mspabi_srai_4         
0000f9dc  __mspabi_srai_3         
0000f9de  __mspabi_srai_2         
0000f9e0  __mspabi_srai_1         
0000f9e4  __mspabi_slli           
0000f9f0  __mspabi_slli_15        
0000f9f2  __mspabi_slli_14        
0000f9f4  __mspabi_slli_13        
0000f9f6  __mspabi_slli_12        
0000f9f8  __mspabi_slli_11        
0000f9fa  __mspabi_slli_10        
0000f9fc  __mspabi_slli_9         
0000f9fe  __mspabi_slli_8         
0000fa00  __mspabi_slli_7         
0000fa02  __mspabi_slli_6         
0000fa04  __mspabi_slli_5         
0000fa06  __mspabi_slli_4         
0000fa08  __mspabi_slli_3         
0000fa0a  __mspabi_slli_2         
0000fa0c  __mspabi_slli_1         
0000fa10  RTI_TXD                 
0000fa3a  __mspabi_negd           
0000fa64  cria_msg                
0000fa8e  __mspabi_fixdi          
0000fab6  config_UART             
0000fade  config_ini              
0000fb04  __mspabi_mpyl           
0000fb04  __mspabi_mpyl_sw        
0000fb48  _c_int00_noargs_noexit  
0000fb7c  ini_P1_P2               
0000fb96  ini_TA0                 
0000fbb0  memccpy                 
0000fbca  strchr                  
0000fbe4  ini_ADC10               
0000fbfc  __mspabi_divu           
0000fbfc  __mspabi_remu           
0000fc12  __TI_zero_init          
0000fc26  memset                  
0000fc3a  __mspabi_mpyi           
0000fc3a  __mspabi_mpyi_sw        
0000fc60  __TI_decompress_none    
0000fc72  __mspabi_srll           
0000fc84  memcpy                  
0000fc96  __mspabi_sral           
0000fca6  __mspabi_slll           
0000fcb6  __mspabi_func_epilog_7  
0000fcb8  __mspabi_func_epilog_6  
0000fcba  __mspabi_func_epilog_5  
0000fcbc  __mspabi_func_epilog_4  
0000fcbe  __mspabi_func_epilog_3  
0000fcc0  __mspabi_func_epilog_2  
0000fcc2  __mspabi_func_epilog_1  
0000fcc6  strlen                  
0000fcd4  __mspabi_fltid          
0000fce0  toupper                 
0000fcec  abs                     
0000fcf6  __TI_ISR_TRAP           
0000fcfc  __TI_decompress_rle24   
0000fd02  _system_pre_init        
0000fd06  C$$EXIT                 
0000fd06  abort                   
0000fd0a  _nop                    
0000fd0c  _ctypes_                
0000fe7a  __TI_Handler_Table_Base 
0000fe80  __TI_Handler_Table_Limit
0000fe84  __TI_CINIT_Base         
0000fe8c  __TI_CINIT_Limit        
0000ffe0  __TI_int00              
0000ffe4  __TI_int02              
0000ffe6  __TI_int03              
0000ffea  __TI_int05              
0000ffec  __TI_int06              
0000ffee  __TI_int07              
0000fff0  __TI_int08              
0000fff2  __TI_int09              
0000fff4  __TI_int10              
0000fff6  __TI_int11              
0000fff8  __TI_int12              
0000fffa  __TI_int13              
0000fffc  __TI_int14              
0000fffe  _reset_vector           
ffffffff  __binit__               
ffffffff  __c_args__              
ffffffff  binit                   
UNDEFED   __TI_INITARRAY_Base     
UNDEFED   __TI_INITARRAY_Limit    

[313 symbols]
